Component: ARM Compiler 5.06 update 6 (build 750) Tool: armlink [4d35ed]

==============================================================================

Section Cross References

    main.o(i.main) refers to glcd.o(i.initGLCD) for initGLCD
    main.o(i.main) refers to gpio.o(i.initGPIO) for initGPIO
    main.o(i.main) refers to menu.o(i.displayMenu) for displayMenu
    main.o(i.main) refers to menu.o(i.refreshMenu) for refreshMenu
    main.o(i.main) refers to game.o(i.gameLoop) for gameLoop
    glcd.o(i.clearScreenGLCD) refers to glcd_mcbstm32e.o(i.GLCD_SetBackgroundColor) for GLCD_SetBackgroundColor
    glcd.o(i.clearScreenGLCD) refers to glcd_mcbstm32e.o(i.GLCD_ClearScreen) for GLCD_ClearScreen
    glcd.o(i.clearZone) refers to glcd_mcbstm32e.o(i.GLCD_SetForegroundColor) for GLCD_SetForegroundColor
    glcd.o(i.clearZone) refers to glcd_mcbstm32e.o(i.GLCD_DrawBargraph) for GLCD_DrawBargraph
    glcd.o(i.initGLCD) refers to glcd_mcbstm32e.o(i.GLCD_Initialize) for GLCD_Initialize
    glcd.o(i.initGLCD) refers to glcd.o(i.clearScreenGLCD) for clearScreenGLCD
    game.o(i.collisionEnemy) refers to game.o(i.collision) for collision
    game.o(i.collisionEnemy) refers to game.o(.bss) for Enemy
    game.o(i.collisionEnemy) refers to game.o(.data) for nbEnemy
    game.o(i.directionEnemy) refers to game.o(.bss) for Food
    game.o(i.directionEnemy) refers to imagesbmp.o(.constdata) for bmpEnnemiOpenRight
    game.o(i.displayPacmanScore) refers to glcd_mcbstm32e.o(i.GLCD_DrawBitmap) for GLCD_DrawBitmap
    game.o(i.displayPacmanScore) refers to imagesbmp.o(.constdata) for bmpFood
    game.o(i.drawBoard) refers to glcd_mcbstm32e.o(i.GLCD_DrawBargraph) for GLCD_DrawBargraph
    game.o(i.drawBoard) refers to glcd_mcbstm32e.o(i.GLCD_SetFont) for GLCD_SetFont
    game.o(i.drawBoard) refers to glcd_mcbstm32e.o(i.GLCD_SetForegroundColor) for GLCD_SetForegroundColor
    game.o(i.drawBoard) refers to glcd_mcbstm32e.o(i.GLCD_DrawString) for GLCD_DrawString
    game.o(i.drawBoard) refers to glcd_fonts.o(.constdata) for GLCD_Font_6x8
    game.o(i.gameLoop) refers to game.o(i.startLevel) for startLevel
    game.o(i.gameLoop) refers to rand.o(.text) for srand
    game.o(i.gameLoop) refers to game.o(i.newFood) for newFood
    game.o(i.gameLoop) refers to game.o(i.newEnemy) for newEnemy
    game.o(i.gameLoop) refers to game.o(i.update) for update
    game.o(i.gameLoop) refers to game.o(i.collision) for collision
    game.o(i.gameLoop) refers to game.o(i.displayPacmanScore) for displayPacmanScore
    game.o(i.gameLoop) refers to glcd_mcbstm32e.o(i.GLCD_SetFont) for GLCD_SetFont
    game.o(i.gameLoop) refers to glcd_mcbstm32e.o(i.GLCD_SetForegroundColor) for GLCD_SetForegroundColor
    game.o(i.gameLoop) refers to glcd_mcbstm32e.o(i.GLCD_DrawString) for GLCD_DrawString
    game.o(i.gameLoop) refers to glcd_mcbstm32e.o(i.GLCD_DrawBargraph) for GLCD_DrawBargraph
    game.o(i.gameLoop) refers to game.o(i.moveAllEnemy) for moveAllEnemy
    game.o(i.gameLoop) refers to game.o(i.collisionEnemy) for collisionEnemy
    game.o(i.gameLoop) refers to game.o(.bss) for Pacman
    game.o(i.gameLoop) refers to imagesbmp.o(.constdata) for bmpPacManOpenRight
    game.o(i.gameLoop) refers to game.o(.data) for nbEnemy
    game.o(i.gameLoop) refers to glcd_fonts.o(.constdata) for GLCD_Font_16x24
    game.o(i.moveAllEnemy) refers to game.o(i.moveEnemy) for moveEnemy
    game.o(i.moveAllEnemy) refers to game.o(.bss) for Enemy
    game.o(i.moveAllEnemy) refers to game.o(.data) for nbEnemy
    game.o(i.moveEnemy) refers to game.o(i.directionEnemy) for directionEnemy
    game.o(i.moveEnemy) refers to game.o(.bss) for Food
    game.o(i.moveEnemy) refers to imagesbmp.o(.constdata) for bmpEnnemiClose
    game.o(i.newEnemy) refers to rand.o(.text) for rand
    game.o(i.newEnemy) refers to game.o(i.collisionEnemy) for collisionEnemy
    game.o(i.newEnemy) refers to game.o(i.collision) for collision
    game.o(i.newEnemy) refers to game.o(i.directionEnemy) for directionEnemy
    game.o(i.newEnemy) refers to game.o(.bss) for Enemy
    game.o(i.newEnemy) refers to game.o(.data) for nbEnemy
    game.o(i.newFood) refers to rand.o(.text) for rand
    game.o(i.newFood) refers to game.o(i.collision) for collision
    game.o(i.newFood) refers to glcd_mcbstm32e.o(i.GLCD_DrawBitmap) for GLCD_DrawBitmap
    game.o(i.newFood) refers to imagesbmp.o(.constdata) for bmpFood
    game.o(i.newFood) refers to game.o(.bss) for Pacman
    game.o(i.startLevel) refers to glcd.o(i.clearScreenGLCD) for clearScreenGLCD
    game.o(i.startLevel) refers to game.o(i.drawBoard) for drawBoard
    game.o(i.startLevel) refers to timers.o(i.initTIMERS) for initTIMERS
    game.o(i.update) refers to glcd_mcbstm32e.o(i.GLCD_DrawBargraph) for GLCD_DrawBargraph
    game.o(i.update) refers to glcd_mcbstm32e.o(i.GLCD_DrawBitmap) for GLCD_DrawBitmap
    menu.o(i.displayLogo) refers to glcd_mcbstm32e.o(i.GLCD_SetBackgroundColor) for GLCD_SetBackgroundColor
    menu.o(i.displayLogo) refers to glcd_mcbstm32e.o(i.GLCD_SetForegroundColor) for GLCD_SetForegroundColor
    menu.o(i.displayLogo) refers to glcd_mcbstm32e.o(i.GLCD_SetFont) for GLCD_SetFont
    menu.o(i.displayLogo) refers to glcd_mcbstm32e.o(i.GLCD_DrawString) for GLCD_DrawString
    menu.o(i.displayLogo) refers to glcd_mcbstm32e.o(i.GLCD_DrawBitmap) for GLCD_DrawBitmap
    menu.o(i.displayLogo) refers to glcd_fonts.o(.constdata) for GLCD_Font_16x24
    menu.o(i.displayLogo) refers to imagesbmp.o(.constdata) for bmpPacManOpenRight
    menu.o(i.displayMenu) refers to glcd.o(i.clearScreenGLCD) for clearScreenGLCD
    menu.o(i.displayMenu) refers to menu.o(i.displayLogo) for displayLogo
    menu.o(i.displayMenu) refers to glcd_mcbstm32e.o(i.GLCD_SetForegroundColor) for GLCD_SetForegroundColor
    menu.o(i.displayMenu) refers to glcd_mcbstm32e.o(i.GLCD_DrawString) for GLCD_DrawString
    menu.o(i.refreshMenu) refers to gpio.o(i.joytickUpPressed) for joytickUpPressed
    menu.o(i.refreshMenu) refers to menu.o(i.displayMenu) for displayMenu
    menu.o(i.refreshMenu) refers to gpio.o(i.joytickDownPressed) for joytickDownPressed
    menu.o(i.refreshMenu) refers to gpio.o(i.joytickSelectPressed) for joytickSelectPressed
    menu.o(i.refreshMenu) refers to menu.o(.data) for menuSelected
    timers.o(i.TIM1_UP_TIM10_IRQHandler) refers to game.o(i.moveEnemy) for moveEnemy
    timers.o(i.TIM1_UP_TIM10_IRQHandler) refers to game.o(.bss) for Pacman
    timers.o(i.TIM1_UP_TIM10_IRQHandler) refers to imagesbmp.o(.constdata) for bmpPacManClose
    timers.o(i.TIM1_UP_TIM10_IRQHandler) refers to game.o(.data) for nbEnemy
    timers.o(i.initTIMERS) refers to bouton.o(i.cfgIO) for cfgIO
    timers.o(i.initTIMERS) refers to timers.o(i.cfgTimer1) for cfgTimer1
    timers.o(i.initTIMERS) refers to timers.o(i.cfgTimer2) for cfgTimer2
    bouton.o(i.EXTI15_10_IRQHandler) refers to game.o(.bss) for Pacman
    bouton.o(i.EXTI15_10_IRQHandler) refers to imagesbmp.o(.constdata) for bmpPacManOpenRight
    bouton.o(i.EXTI3_IRQHandler) refers to game.o(.bss) for Pacman
    bouton.o(i.EXTI3_IRQHandler) refers to imagesbmp.o(.constdata) for bmpPacManOpenDown
    glcd_mcbstm32e.o(i.GLCD_ClearScreen) refers to glcd_mcbstm32e.o(i.GLCD_SetWindow) for GLCD_SetWindow
    glcd_mcbstm32e.o(i.GLCD_ClearScreen) refers to glcd_mcbstm32e.o(i.wr_cmd) for wr_cmd
    glcd_mcbstm32e.o(i.GLCD_ClearScreen) refers to glcd_mcbstm32e.o(i.wr_dat_only) for wr_dat_only
    glcd_mcbstm32e.o(i.GLCD_ClearScreen) refers to glcd_mcbstm32e.o(.data) for background_color
    glcd_mcbstm32e.o(i.GLCD_DrawBargraph) refers to glcd_mcbstm32e.o(i.GLCD_SetWindow) for GLCD_SetWindow
    glcd_mcbstm32e.o(i.GLCD_DrawBargraph) refers to glcd_mcbstm32e.o(i.wr_cmd) for wr_cmd
    glcd_mcbstm32e.o(i.GLCD_DrawBargraph) refers to glcd_mcbstm32e.o(i.wr_dat_only) for wr_dat_only
    glcd_mcbstm32e.o(i.GLCD_DrawBargraph) refers to glcd_mcbstm32e.o(.data) for background_color
    glcd_mcbstm32e.o(i.GLCD_DrawBitmap) refers to glcd_mcbstm32e.o(i.GLCD_SetWindow) for GLCD_SetWindow
    glcd_mcbstm32e.o(i.GLCD_DrawBitmap) refers to glcd_mcbstm32e.o(i.wr_cmd) for wr_cmd
    glcd_mcbstm32e.o(i.GLCD_DrawBitmap) refers to glcd_mcbstm32e.o(i.wr_dat_only) for wr_dat_only
    glcd_mcbstm32e.o(i.GLCD_DrawChar) refers to glcd_mcbstm32e.o(i.GLCD_SetWindow) for GLCD_SetWindow
    glcd_mcbstm32e.o(i.GLCD_DrawChar) refers to glcd_mcbstm32e.o(i.wr_cmd) for wr_cmd
    glcd_mcbstm32e.o(i.GLCD_DrawChar) refers to glcd_mcbstm32e.o(i.wr_dat_only) for wr_dat_only
    glcd_mcbstm32e.o(i.GLCD_DrawChar) refers to glcd_mcbstm32e.o(.data) for active_font
    glcd_mcbstm32e.o(i.GLCD_DrawHLine) refers to glcd_mcbstm32e.o(i.GLCD_SetWindow) for GLCD_SetWindow
    glcd_mcbstm32e.o(i.GLCD_DrawHLine) refers to glcd_mcbstm32e.o(i.wr_cmd) for wr_cmd
    glcd_mcbstm32e.o(i.GLCD_DrawHLine) refers to glcd_mcbstm32e.o(i.wr_dat_only) for wr_dat_only
    glcd_mcbstm32e.o(i.GLCD_DrawHLine) refers to glcd_mcbstm32e.o(.data) for foreground_color
    glcd_mcbstm32e.o(i.GLCD_DrawPixel) refers to glcd_mcbstm32e.o(i.wr_reg) for wr_reg
    glcd_mcbstm32e.o(i.GLCD_DrawPixel) refers to glcd_mcbstm32e.o(i.wr_cmd) for wr_cmd
    glcd_mcbstm32e.o(i.GLCD_DrawPixel) refers to glcd_mcbstm32e.o(i.wr_dat) for wr_dat
    glcd_mcbstm32e.o(i.GLCD_DrawPixel) refers to glcd_mcbstm32e.o(.data) for Himax
    glcd_mcbstm32e.o(i.GLCD_DrawRectangle) refers to glcd_mcbstm32e.o(i.GLCD_DrawHLine) for GLCD_DrawHLine
    glcd_mcbstm32e.o(i.GLCD_DrawRectangle) refers to glcd_mcbstm32e.o(i.GLCD_DrawVLine) for GLCD_DrawVLine
    glcd_mcbstm32e.o(i.GLCD_DrawString) refers to glcd_mcbstm32e.o(i.GLCD_DrawChar) for GLCD_DrawChar
    glcd_mcbstm32e.o(i.GLCD_DrawString) refers to glcd_mcbstm32e.o(.data) for active_font
    glcd_mcbstm32e.o(i.GLCD_DrawVLine) refers to glcd_mcbstm32e.o(i.GLCD_SetWindow) for GLCD_SetWindow
    glcd_mcbstm32e.o(i.GLCD_DrawVLine) refers to glcd_mcbstm32e.o(i.wr_cmd) for wr_cmd
    glcd_mcbstm32e.o(i.GLCD_DrawVLine) refers to glcd_mcbstm32e.o(i.wr_dat_only) for wr_dat_only
    glcd_mcbstm32e.o(i.GLCD_DrawVLine) refers to glcd_mcbstm32e.o(.data) for foreground_color
    glcd_mcbstm32e.o(i.GLCD_FrameBufferAccess) refers to glcd_mcbstm32e.o(i.GLCD_SetWindow) for GLCD_SetWindow
    glcd_mcbstm32e.o(i.GLCD_FrameBufferAccess) refers to glcd_mcbstm32e.o(i.wr_reg) for wr_reg
    glcd_mcbstm32e.o(i.GLCD_FrameBufferAccess) refers to glcd_mcbstm32e.o(i.wr_cmd) for wr_cmd
    glcd_mcbstm32e.o(i.GLCD_Initialize) refers to glcd_mcbstm32e.o(i.delay_ms) for delay_ms
    glcd_mcbstm32e.o(i.GLCD_Initialize) refers to glcd_mcbstm32e.o(i.wr_cmd) for wr_cmd
    glcd_mcbstm32e.o(i.GLCD_Initialize) refers to glcd_mcbstm32e.o(i.rd_dat) for rd_dat
    glcd_mcbstm32e.o(i.GLCD_Initialize) refers to glcd_mcbstm32e.o(i.wr_reg) for wr_reg
    glcd_mcbstm32e.o(i.GLCD_Initialize) refers to glcd_mcbstm32e.o(.data) for Himax
    glcd_mcbstm32e.o(i.GLCD_ReadPixel) refers to glcd_mcbstm32e.o(i.wr_reg) for wr_reg
    glcd_mcbstm32e.o(i.GLCD_ReadPixel) refers to glcd_mcbstm32e.o(i.wr_cmd) for wr_cmd
    glcd_mcbstm32e.o(i.GLCD_ReadPixel) refers to glcd_mcbstm32e.o(i.rd_dat) for rd_dat
    glcd_mcbstm32e.o(i.GLCD_ReadPixel) refers to glcd_mcbstm32e.o(.data) for Himax
    glcd_mcbstm32e.o(i.GLCD_SetBackgroundColor) refers to glcd_mcbstm32e.o(.data) for background_color
    glcd_mcbstm32e.o(i.GLCD_SetFont) refers to glcd_mcbstm32e.o(.data) for active_font
    glcd_mcbstm32e.o(i.GLCD_SetForegroundColor) refers to glcd_mcbstm32e.o(.data) for foreground_color
    glcd_mcbstm32e.o(i.GLCD_SetWindow) refers to glcd_mcbstm32e.o(i.wr_reg) for wr_reg
    glcd_mcbstm32e.o(i.GLCD_SetWindow) refers to glcd_mcbstm32e.o(.data) for Himax
    glcd_mcbstm32e.o(i.delay_ms) refers to system_stm32f10x.o(.data) for SystemCoreClock
    glcd_mcbstm32e.o(i.wr_reg) refers to glcd_mcbstm32e.o(i.wr_cmd) for wr_cmd
    glcd_mcbstm32e.o(i.wr_reg) refers to glcd_mcbstm32e.o(i.wr_dat) for wr_dat
    stm32f10x_gpio.o(i.GPIO_AFIODeInit) refers to stm32f10x_rcc.o(i.RCC_APB2PeriphResetCmd) for RCC_APB2PeriphResetCmd
    stm32f10x_gpio.o(i.GPIO_DeInit) refers to stm32f10x_rcc.o(i.RCC_APB2PeriphResetCmd) for RCC_APB2PeriphResetCmd
    stm32f10x_rcc.o(i.RCC_GetClocksFreq) refers to stm32f10x_rcc.o(.data) for APBAHBPrescTable
    stm32f10x_rcc.o(i.RCC_WaitForHSEStartUp) refers to stm32f10x_rcc.o(i.RCC_GetFlagStatus) for RCC_GetFlagStatus
    startup_stm32f10x_xl.o(RESET) refers to startup_stm32f10x_xl.o(STACK) for __initial_sp
    startup_stm32f10x_xl.o(RESET) refers to startup_stm32f10x_xl.o(.text) for Reset_Handler
    startup_stm32f10x_xl.o(RESET) refers to bouton.o(i.EXTI3_IRQHandler) for EXTI3_IRQHandler
    startup_stm32f10x_xl.o(RESET) refers to gpio.o(i.EXTI9_5_IRQHandler) for EXTI9_5_IRQHandler
    startup_stm32f10x_xl.o(RESET) refers to timers.o(i.TIM1_UP_TIM10_IRQHandler) for TIM1_UP_TIM10_IRQHandler
    startup_stm32f10x_xl.o(RESET) refers to timers.o(i.TIM2_IRQHandler) for TIM2_IRQHandler
    startup_stm32f10x_xl.o(RESET) refers to bouton.o(i.EXTI15_10_IRQHandler) for EXTI15_10_IRQHandler
    startup_stm32f10x_xl.o(.text) refers to system_stm32f10x.o(i.SystemInit) for SystemInit
    startup_stm32f10x_xl.o(.text) refers to entry.o(.ARM.Collect$$$$00000000) for __main
    system_stm32f10x.o(i.SetSysClock) refers to system_stm32f10x.o(i.SetSysClockTo72) for SetSysClockTo72
    system_stm32f10x.o(i.SystemCoreClockUpdate) refers to system_stm32f10x.o(.data) for SystemCoreClock
    system_stm32f10x.o(i.SystemInit) refers to system_stm32f10x.o(i.SetSysClock) for SetSysClock
    entry.o(.ARM.Collect$$$$00000000) refers (Special) to entry10a.o(.ARM.Collect$$$$0000000D) for __rt_final_cpp
    entry.o(.ARM.Collect$$$$00000000) refers (Special) to entry11a.o(.ARM.Collect$$$$0000000F) for __rt_final_exit
    entry.o(.ARM.Collect$$$$00000000) refers (Special) to entry7b.o(.ARM.Collect$$$$00000008) for _main_clock
    entry.o(.ARM.Collect$$$$00000000) refers (Special) to entry8b.o(.ARM.Collect$$$$0000000A) for _main_cpp_init
    entry.o(.ARM.Collect$$$$00000000) refers (Special) to entry9a.o(.ARM.Collect$$$$0000000B) for _main_init
    entry.o(.ARM.Collect$$$$00000000) refers (Special) to entry5.o(.ARM.Collect$$$$00000004) for _main_scatterload
    entry.o(.ARM.Collect$$$$00000000) refers (Special) to entry2.o(.ARM.Collect$$$$00000001) for _main_stk
    rand.o(.text) refers to rand.o(.data) for .data
    entry2.o(.ARM.Collect$$$$00000001) refers to entry2.o(.ARM.Collect$$$$00002712) for __lit__00000000
    entry2.o(.ARM.Collect$$$$00002712) refers to startup_stm32f10x_xl.o(STACK) for __initial_sp
    entry2.o(__vectab_stack_and_reset_area) refers to startup_stm32f10x_xl.o(STACK) for __initial_sp
    entry2.o(__vectab_stack_and_reset_area) refers to entry.o(.ARM.Collect$$$$00000000) for __main
    entry5.o(.ARM.Collect$$$$00000004) refers to init.o(.text) for __scatterload
    entry9a.o(.ARM.Collect$$$$0000000B) refers to main.o(i.main) for main
    entry9b.o(.ARM.Collect$$$$0000000C) refers to main.o(i.main) for main
    init.o(.text) refers to entry5.o(.ARM.Collect$$$$00000004) for __main_after_scatterload


==============================================================================

Removing Unused input sections from the image.

    Removing main.o(.rev16_text), (4 bytes).
    Removing main.o(.revsh_text), (4 bytes).
    Removing main.o(.rrx_text), (6 bytes).
    Removing glcd.o(.rev16_text), (4 bytes).
    Removing glcd.o(.revsh_text), (4 bytes).
    Removing glcd.o(.rrx_text), (6 bytes).
    Removing glcd.o(i.clearZone), (36 bytes).
    Removing game.o(.rev16_text), (4 bytes).
    Removing game.o(.revsh_text), (4 bytes).
    Removing game.o(.rrx_text), (6 bytes).
    Removing menu.o(.rev16_text), (4 bytes).
    Removing menu.o(.revsh_text), (4 bytes).
    Removing menu.o(.rrx_text), (6 bytes).
    Removing gpio.o(.rev16_text), (4 bytes).
    Removing gpio.o(.revsh_text), (4 bytes).
    Removing gpio.o(.rrx_text), (6 bytes).
    Removing gpio.o(i.joytickLeftPressed), (16 bytes).
    Removing gpio.o(i.joytickRightPressed), (16 bytes).
    Removing gpio.o(i.startInterruptBP_USER), (80 bytes).
    Removing gpio.o(i.stopInterruptBP_USER), (20 bytes).
    Removing gpio.o(i.userButtonPressed), (16 bytes).
    Removing timers.o(.rev16_text), (4 bytes).
    Removing timers.o(.revsh_text), (4 bytes).
    Removing timers.o(.rrx_text), (6 bytes).
    Removing bouton.o(.rev16_text), (4 bytes).
    Removing bouton.o(.revsh_text), (4 bytes).
    Removing bouton.o(.rrx_text), (6 bytes).
    Removing glcd_mcbstm32e.o(.rev16_text), (4 bytes).
    Removing glcd_mcbstm32e.o(.revsh_text), (4 bytes).
    Removing glcd_mcbstm32e.o(.rrx_text), (6 bytes).
    Removing glcd_mcbstm32e.o(i.GLCD_DrawHLine), (60 bytes).
    Removing glcd_mcbstm32e.o(i.GLCD_DrawPixel), (128 bytes).
    Removing glcd_mcbstm32e.o(i.GLCD_DrawRectangle), (58 bytes).
    Removing glcd_mcbstm32e.o(i.GLCD_DrawVLine), (60 bytes).
    Removing glcd_mcbstm32e.o(i.GLCD_FrameBufferAccess), (44 bytes).
    Removing glcd_mcbstm32e.o(i.GLCD_FrameBufferAddress), (8 bytes).
    Removing glcd_mcbstm32e.o(i.GLCD_ReadPixel), (184 bytes).
    Removing glcd_mcbstm32e.o(i.GLCD_Uninitialize), (16 bytes).
    Removing glcd_mcbstm32e.o(i.GLCD_VScroll), (8 bytes).
    Removing misc.o(.rev16_text), (4 bytes).
    Removing misc.o(.revsh_text), (4 bytes).
    Removing misc.o(.rrx_text), (6 bytes).
    Removing misc.o(i.NVIC_Init), (112 bytes).
    Removing misc.o(i.NVIC_PriorityGroupConfig), (20 bytes).
    Removing misc.o(i.NVIC_SetVectorTable), (20 bytes).
    Removing misc.o(i.NVIC_SystemLPConfig), (32 bytes).
    Removing misc.o(i.SysTick_CLKSourceConfig), (40 bytes).
    Removing stm32f10x_gpio.o(.rev16_text), (4 bytes).
    Removing stm32f10x_gpio.o(.revsh_text), (4 bytes).
    Removing stm32f10x_gpio.o(.rrx_text), (6 bytes).
    Removing stm32f10x_gpio.o(i.GPIO_AFIODeInit), (20 bytes).
    Removing stm32f10x_gpio.o(i.GPIO_DeInit), (200 bytes).
    Removing stm32f10x_gpio.o(i.GPIO_ETH_MediaInterfaceConfig), (12 bytes).
    Removing stm32f10x_gpio.o(i.GPIO_EXTILineConfig), (64 bytes).
    Removing stm32f10x_gpio.o(i.GPIO_EventOutputCmd), (12 bytes).
    Removing stm32f10x_gpio.o(i.GPIO_EventOutputConfig), (32 bytes).
    Removing stm32f10x_gpio.o(i.GPIO_Init), (278 bytes).
    Removing stm32f10x_gpio.o(i.GPIO_PinLockConfig), (18 bytes).
    Removing stm32f10x_gpio.o(i.GPIO_PinRemapConfig), (144 bytes).
    Removing stm32f10x_gpio.o(i.GPIO_ReadInputData), (8 bytes).
    Removing stm32f10x_gpio.o(i.GPIO_ReadInputDataBit), (18 bytes).
    Removing stm32f10x_gpio.o(i.GPIO_ReadOutputData), (8 bytes).
    Removing stm32f10x_gpio.o(i.GPIO_ReadOutputDataBit), (18 bytes).
    Removing stm32f10x_gpio.o(i.GPIO_ResetBits), (4 bytes).
    Removing stm32f10x_gpio.o(i.GPIO_SetBits), (4 bytes).
    Removing stm32f10x_gpio.o(i.GPIO_StructInit), (16 bytes).
    Removing stm32f10x_gpio.o(i.GPIO_Write), (4 bytes).
    Removing stm32f10x_gpio.o(i.GPIO_WriteBit), (10 bytes).
    Removing stm32f10x_rcc.o(.rev16_text), (4 bytes).
    Removing stm32f10x_rcc.o(.revsh_text), (4 bytes).
    Removing stm32f10x_rcc.o(.rrx_text), (6 bytes).
    Removing stm32f10x_rcc.o(i.RCC_ADCCLKConfig), (24 bytes).
    Removing stm32f10x_rcc.o(i.RCC_AHBPeriphClockCmd), (32 bytes).
    Removing stm32f10x_rcc.o(i.RCC_APB1PeriphClockCmd), (32 bytes).
    Removing stm32f10x_rcc.o(i.RCC_APB1PeriphResetCmd), (32 bytes).
    Removing stm32f10x_rcc.o(i.RCC_APB2PeriphClockCmd), (32 bytes).
    Removing stm32f10x_rcc.o(i.RCC_APB2PeriphResetCmd), (32 bytes).
    Removing stm32f10x_rcc.o(i.RCC_AdjustHSICalibrationValue), (24 bytes).
    Removing stm32f10x_rcc.o(i.RCC_BackupResetCmd), (12 bytes).
    Removing stm32f10x_rcc.o(i.RCC_ClearFlag), (20 bytes).
    Removing stm32f10x_rcc.o(i.RCC_ClearITPendingBit), (12 bytes).
    Removing stm32f10x_rcc.o(i.RCC_ClockSecuritySystemCmd), (12 bytes).
    Removing stm32f10x_rcc.o(i.RCC_DeInit), (76 bytes).
    Removing stm32f10x_rcc.o(i.RCC_GetClocksFreq), (212 bytes).
    Removing stm32f10x_rcc.o(i.RCC_GetFlagStatus), (60 bytes).
    Removing stm32f10x_rcc.o(i.RCC_GetITStatus), (24 bytes).
    Removing stm32f10x_rcc.o(i.RCC_GetSYSCLKSource), (16 bytes).
    Removing stm32f10x_rcc.o(i.RCC_HCLKConfig), (24 bytes).
    Removing stm32f10x_rcc.o(i.RCC_HSEConfig), (76 bytes).
    Removing stm32f10x_rcc.o(i.RCC_HSICmd), (12 bytes).
    Removing stm32f10x_rcc.o(i.RCC_ITConfig), (32 bytes).
    Removing stm32f10x_rcc.o(i.RCC_LSEConfig), (52 bytes).
    Removing stm32f10x_rcc.o(i.RCC_LSICmd), (12 bytes).
    Removing stm32f10x_rcc.o(i.RCC_MCOConfig), (12 bytes).
    Removing stm32f10x_rcc.o(i.RCC_PCLK1Config), (24 bytes).
    Removing stm32f10x_rcc.o(i.RCC_PCLK2Config), (24 bytes).
    Removing stm32f10x_rcc.o(i.RCC_PLLCmd), (12 bytes).
    Removing stm32f10x_rcc.o(i.RCC_PLLConfig), (28 bytes).
    Removing stm32f10x_rcc.o(i.RCC_RTCCLKCmd), (12 bytes).
    Removing stm32f10x_rcc.o(i.RCC_RTCCLKConfig), (16 bytes).
    Removing stm32f10x_rcc.o(i.RCC_SYSCLKConfig), (24 bytes).
    Removing stm32f10x_rcc.o(i.RCC_USBCLKConfig), (12 bytes).
    Removing stm32f10x_rcc.o(i.RCC_WaitForHSEStartUp), (56 bytes).
    Removing stm32f10x_rcc.o(.data), (20 bytes).
    Removing startup_stm32f10x_xl.o(HEAP), (512 bytes).
    Removing system_stm32f10x.o(.rev16_text), (4 bytes).
    Removing system_stm32f10x.o(.revsh_text), (4 bytes).
    Removing system_stm32f10x.o(.rrx_text), (6 bytes).
    Removing system_stm32f10x.o(i.SystemCoreClockUpdate), (164 bytes).

109 unused section(s) (total 3788 bytes) removed from the image.

==============================================================================

Image Symbol Table

    Local Symbols

    Symbol Name                              Value     Ov Type        Size  Object(Section)

    ../clib/microlib/init/entry.s            0x00000000   Number         0  entry11a.o ABSOLUTE
    ../clib/microlib/init/entry.s            0x00000000   Number         0  entry2.o ABSOLUTE
    ../clib/microlib/init/entry.s            0x00000000   Number         0  entry9a.o ABSOLUTE
    ../clib/microlib/init/entry.s            0x00000000   Number         0  entry8b.o ABSOLUTE
    ../clib/microlib/init/entry.s            0x00000000   Number         0  entry9b.o ABSOLUTE
    ../clib/microlib/init/entry.s            0x00000000   Number         0  entry10a.o ABSOLUTE
    ../clib/microlib/init/entry.s            0x00000000   Number         0  entry5.o ABSOLUTE
    ../clib/microlib/init/entry.s            0x00000000   Number         0  entry7a.o ABSOLUTE
    ../clib/microlib/init/entry.s            0x00000000   Number         0  entry7b.o ABSOLUTE
    ../clib/microlib/init/entry.s            0x00000000   Number         0  entry11b.o ABSOLUTE
    ../clib/microlib/init/entry.s            0x00000000   Number         0  entry10b.o ABSOLUTE
    ../clib/microlib/init/entry.s            0x00000000   Number         0  entry.o ABSOLUTE
    ../clib/microlib/init/entry.s            0x00000000   Number         0  entry8a.o ABSOLUTE
    ../clib/microlib/stdlib/rand.c           0x00000000   Number         0  rand.o ABSOLUTE
    C:\Keil_v5\ARM\PACK\Keil\STM32F1xx_DFP\2.2.0\Device\StdPeriph_Driver\src\misc.c 0x00000000   Number         0  misc.o ABSOLUTE
    C:\Keil_v5\ARM\PACK\Keil\STM32F1xx_DFP\2.2.0\Device\StdPeriph_Driver\src\stm32f10x_gpio.c 0x00000000   Number         0  stm32f10x_gpio.o ABSOLUTE
    C:\Keil_v5\ARM\PACK\Keil\STM32F1xx_DFP\2.2.0\Device\StdPeriph_Driver\src\stm32f10x_rcc.c 0x00000000   Number         0  stm32f10x_rcc.o ABSOLUTE
    C:\\Keil_v5\\ARM\\PACK\\Keil\\STM32F1xx_DFP\\2.2.0\\Device\\StdPeriph_Driver\\src\\misc.c 0x00000000   Number         0  misc.o ABSOLUTE
    C:\\Keil_v5\\ARM\\PACK\\Keil\\STM32F1xx_DFP\\2.2.0\\Device\\StdPeriph_Driver\\src\\stm32f10x_gpio.c 0x00000000   Number         0  stm32f10x_gpio.o ABSOLUTE
    C:\\Keil_v5\\ARM\\PACK\\Keil\\STM32F1xx_DFP\\2.2.0\\Device\\StdPeriph_Driver\\src\\stm32f10x_rcc.c 0x00000000   Number         0  stm32f10x_rcc.o ABSOLUTE
    Lib\GLCD_Fonts.c                         0x00000000   Number         0  glcd_fonts.o ABSOLUTE
    Lib\GLCD_MCBSTM32E.c                     0x00000000   Number         0  glcd_mcbstm32e.o ABSOLUTE
    Lib\\GLCD_MCBSTM32E.c                    0x00000000   Number         0  glcd_mcbstm32e.o ABSOLUTE
    RTE\Device\STM32F103ZG\startup_stm32f10x_xl.s 0x00000000   Number         0  startup_stm32f10x_xl.o ABSOLUTE
    RTE\Device\STM32F103ZG\system_stm32f10x.c 0x00000000   Number         0  system_stm32f10x.o ABSOLUTE
    RTE\\Device\\STM32F103ZG\\system_stm32f10x.c 0x00000000   Number         0  system_stm32f10x.o ABSOLUTE
    Sources\GAME\ImagesBMP.c                 0x00000000   Number         0  imagesbmp.o ABSOLUTE
    Sources\GAME\bouton.c                    0x00000000   Number         0  bouton.o ABSOLUTE
    Sources\GAME\game.c                      0x00000000   Number         0  game.o ABSOLUTE
    Sources\GAME\menu.c                      0x00000000   Number         0  menu.o ABSOLUTE
    Sources\HARD\GLCD.c                      0x00000000   Number         0  glcd.o ABSOLUTE
    Sources\HARD\GPIO.c                      0x00000000   Number         0  gpio.o ABSOLUTE
    Sources\HARD\TIMERS.c                    0x00000000   Number         0  timers.o ABSOLUTE
    Sources\\GAME\\bouton.c                  0x00000000   Number         0  bouton.o ABSOLUTE
    Sources\\GAME\\game.c                    0x00000000   Number         0  game.o ABSOLUTE
    Sources\\GAME\\menu.c                    0x00000000   Number         0  menu.o ABSOLUTE
    Sources\\HARD\\GLCD.c                    0x00000000   Number         0  glcd.o ABSOLUTE
    Sources\\HARD\\GPIO.c                    0x00000000   Number         0  gpio.o ABSOLUTE
    Sources\\HARD\\TIMERS.c                  0x00000000   Number         0  timers.o ABSOLUTE
    Sources\\main.c                          0x00000000   Number         0  main.o ABSOLUTE
    Sources\main.c                           0x00000000   Number         0  main.o ABSOLUTE
    dc.s                                     0x00000000   Number         0  dc.o ABSOLUTE
    handlers.s                               0x00000000   Number         0  handlers.o ABSOLUTE
    init.s                                   0x00000000   Number         0  init.o ABSOLUTE
    RESET                                    0x08000000   Section      304  startup_stm32f10x_xl.o(RESET)
    .ARM.Collect$$$$00000000                 0x08000130   Section        0  entry.o(.ARM.Collect$$$$00000000)
    .ARM.Collect$$$$00000001                 0x08000130   Section        4  entry2.o(.ARM.Collect$$$$00000001)
    .ARM.Collect$$$$00000004                 0x08000134   Section        4  entry5.o(.ARM.Collect$$$$00000004)
    .ARM.Collect$$$$00000008                 0x08000138   Section        0  entry7b.o(.ARM.Collect$$$$00000008)
    .ARM.Collect$$$$0000000A                 0x08000138   Section        0  entry8b.o(.ARM.Collect$$$$0000000A)
    .ARM.Collect$$$$0000000B                 0x08000138   Section        8  entry9a.o(.ARM.Collect$$$$0000000B)
    .ARM.Collect$$$$0000000D                 0x08000140   Section        0  entry10a.o(.ARM.Collect$$$$0000000D)
    .ARM.Collect$$$$0000000F                 0x08000140   Section        0  entry11a.o(.ARM.Collect$$$$0000000F)
    .ARM.Collect$$$$00002712                 0x08000140   Section        4  entry2.o(.ARM.Collect$$$$00002712)
    __lit__00000000                          0x08000140   Data           4  entry2.o(.ARM.Collect$$$$00002712)
    .text                                    0x08000144   Section       36  startup_stm32f10x_xl.o(.text)
    .text                                    0x08000168   Section        0  rand.o(.text)
    .text                                    0x0800018c   Section       36  init.o(.text)
    i.EXTI15_10_IRQHandler                   0x080001b0   Section        0  bouton.o(i.EXTI15_10_IRQHandler)
    i.EXTI3_IRQHandler                       0x080002e8   Section        0  bouton.o(i.EXTI3_IRQHandler)
    i.EXTI9_5_IRQHandler                     0x08000358   Section        0  gpio.o(i.EXTI9_5_IRQHandler)
    i.GLCD_ClearScreen                       0x08000374   Section        0  glcd_mcbstm32e.o(i.GLCD_ClearScreen)
    i.GLCD_DrawBargraph                      0x080003b0   Section        0  glcd_mcbstm32e.o(i.GLCD_DrawBargraph)
    i.GLCD_DrawBitmap                        0x08000420   Section        0  glcd_mcbstm32e.o(i.GLCD_DrawBitmap)
    i.GLCD_DrawChar                          0x08000474   Section        0  glcd_mcbstm32e.o(i.GLCD_DrawChar)
    i.GLCD_DrawString                        0x08000544   Section        0  glcd_mcbstm32e.o(i.GLCD_DrawString)
    i.GLCD_Initialize                        0x08000570   Section        0  glcd_mcbstm32e.o(i.GLCD_Initialize)
    i.GLCD_SetBackgroundColor                0x08000ba4   Section        0  glcd_mcbstm32e.o(i.GLCD_SetBackgroundColor)
    i.GLCD_SetFont                           0x08000bb4   Section        0  glcd_mcbstm32e.o(i.GLCD_SetFont)
    i.GLCD_SetForegroundColor                0x08000bc4   Section        0  glcd_mcbstm32e.o(i.GLCD_SetForegroundColor)
    i.GLCD_SetWindow                         0x08000bd4   Section        0  glcd_mcbstm32e.o(i.GLCD_SetWindow)
    GLCD_SetWindow                           0x08000bd5   Thumb Code   168  glcd_mcbstm32e.o(i.GLCD_SetWindow)
    i.SetSysClock                            0x08000c80   Section        0  system_stm32f10x.o(i.SetSysClock)
    SetSysClock                              0x08000c81   Thumb Code     8  system_stm32f10x.o(i.SetSysClock)
    i.SetSysClockTo72                        0x08000c88   Section        0  system_stm32f10x.o(i.SetSysClockTo72)
    SetSysClockTo72                          0x08000c89   Thumb Code   214  system_stm32f10x.o(i.SetSysClockTo72)
    i.SystemInit                             0x08000d68   Section        0  system_stm32f10x.o(i.SystemInit)
    i.TIM1_UP_TIM10_IRQHandler               0x08000dc8   Section        0  timers.o(i.TIM1_UP_TIM10_IRQHandler)
    i.TIM2_IRQHandler                        0x08000f30   Section        0  timers.o(i.TIM2_IRQHandler)
    i.__scatterload_copy                     0x08000f7c   Section       14  handlers.o(i.__scatterload_copy)
    i.__scatterload_null                     0x08000f8a   Section        2  handlers.o(i.__scatterload_null)
    i.__scatterload_zeroinit                 0x08000f8c   Section       14  handlers.o(i.__scatterload_zeroinit)
    i.cfgIO                                  0x08000f9c   Section        0  bouton.o(i.cfgIO)
    i.cfgTimer1                              0x08001078   Section        0  timers.o(i.cfgTimer1)
    i.cfgTimer2                              0x080010c8   Section        0  timers.o(i.cfgTimer2)
    i.clearScreenGLCD                        0x080010fc   Section        0  glcd.o(i.clearScreenGLCD)
    i.collision                              0x0800110a   Section        0  game.o(i.collision)
    i.collisionEnemy                         0x08001150   Section        0  game.o(i.collisionEnemy)
    i.delay_ms                               0x08001180   Section        0  glcd_mcbstm32e.o(i.delay_ms)
    delay_ms                                 0x08001181   Thumb Code    38  glcd_mcbstm32e.o(i.delay_ms)
    i.directionEnemy                         0x080011ac   Section        0  game.o(i.directionEnemy)
    i.displayLogo                            0x08001224   Section        0  menu.o(i.displayLogo)
    i.displayMenu                            0x080012b4   Section        0  menu.o(i.displayMenu)
    i.displayPacmanScore                     0x08001324   Section        0  game.o(i.displayPacmanScore)
    i.drawBoard                              0x08001350   Section        0  game.o(i.drawBoard)
    i.gameLoop                               0x080013a4   Section        0  game.o(i.gameLoop)
    i.initGLCD                               0x08001590   Section        0  glcd.o(i.initGLCD)
    i.initGPIO                               0x0800159c   Section        0  gpio.o(i.initGPIO)
    i.initTIMERS                             0x08001630   Section        0  timers.o(i.initTIMERS)
    i.joytickDownPressed                     0x08001640   Section        0  gpio.o(i.joytickDownPressed)
    i.joytickSelectPressed                   0x08001650   Section        0  gpio.o(i.joytickSelectPressed)
    i.joytickUpPressed                       0x08001660   Section        0  gpio.o(i.joytickUpPressed)
    i.main                                   0x08001670   Section        0  main.o(i.main)
    i.moveAllEnemy                           0x08001690   Section        0  game.o(i.moveAllEnemy)
    i.moveEnemy                              0x080016b4   Section        0  game.o(i.moveEnemy)
    i.newEnemy                               0x080017d4   Section        0  game.o(i.newEnemy)
    i.newFood                                0x080018f0   Section        0  game.o(i.newFood)
    i.rd_dat                                 0x08001948   Section        0  glcd_mcbstm32e.o(i.rd_dat)
    rd_dat                                   0x08001949   Thumb Code     8  glcd_mcbstm32e.o(i.rd_dat)
    i.refreshMenu                            0x08001950   Section        0  menu.o(i.refreshMenu)
    i.startLevel                             0x080019a0   Section        0  game.o(i.startLevel)
    i.update                                 0x080019b0   Section        0  game.o(i.update)
    i.wr_cmd                                 0x08001a7c   Section        0  glcd_mcbstm32e.o(i.wr_cmd)
    wr_cmd                                   0x08001a7d   Thumb Code     8  glcd_mcbstm32e.o(i.wr_cmd)
    i.wr_dat                                 0x08001a84   Section        0  glcd_mcbstm32e.o(i.wr_dat)
    wr_dat                                   0x08001a85   Thumb Code     8  glcd_mcbstm32e.o(i.wr_dat)
    i.wr_dat_only                            0x08001a8c   Section        0  glcd_mcbstm32e.o(i.wr_dat_only)
    wr_dat_only                              0x08001a8d   Thumb Code     8  glcd_mcbstm32e.o(i.wr_dat_only)
    i.wr_reg                                 0x08001a94   Section        0  glcd_mcbstm32e.o(i.wr_reg)
    wr_reg                                   0x08001a95   Thumb Code    20  glcd_mcbstm32e.o(i.wr_reg)
    .constdata                               0x08001aa8   Section     1312  imagesbmp.o(.constdata)
    .constdata                               0x08001fc8   Section     6304  glcd_fonts.o(.constdata)
    Font_6x8_h                               0x08001fc8   Data         896  glcd_fonts.o(.constdata)
    Font_16x24_h                             0x08002348   Data        5376  glcd_fonts.o(.constdata)
    .data                                    0x20000000   Section        4  game.o(.data)
    .data                                    0x20000004   Section        1  menu.o(.data)
    menuSelected                             0x20000004   Data           1  menu.o(.data)
    .data                                    0x20000008   Section        9  glcd_mcbstm32e.o(.data)
    foreground_color                         0x20000008   Data           2  glcd_mcbstm32e.o(.data)
    background_color                         0x2000000a   Data           2  glcd_mcbstm32e.o(.data)
    active_font                              0x2000000c   Data           4  glcd_mcbstm32e.o(.data)
    Himax                                    0x20000010   Data           1  glcd_mcbstm32e.o(.data)
    .data                                    0x20000014   Section       20  system_stm32f10x.o(.data)
    .data                                    0x20000028   Section        4  rand.o(.data)
    _rand_state                              0x20000028   Data           4  rand.o(.data)
    .bss                                     0x2000002c   Section      320  game.o(.bss)
    STACK                                    0x20000170   Section     1024  startup_stm32f10x_xl.o(STACK)

    Global Symbols

    Symbol Name                              Value     Ov Type        Size  Object(Section)

    BuildAttributes$$THM_ISAv4$P$D$K$B$S$PE$A:L22UL41UL21$X:L11$S22US41US21$IEEE1$IW$USESV6$~STKCKD$USESV7$~SHL$OSPACE$EBA8$MICROLIB$REQ8$PRES8$EABIv2 0x00000000   Number         0  anon$$obj.o ABSOLUTE
    __ARM_use_no_argv                        0x00000000   Number         0  main.o ABSOLUTE
    __cpp_initialize__aeabi_                  - Undefined Weak Reference
    __cxa_finalize                            - Undefined Weak Reference
    __decompress                              - Undefined Weak Reference
    _clock_init                               - Undefined Weak Reference
    _microlib_exit                            - Undefined Weak Reference
    __Vectors_Size                           0x00000130   Number         0  startup_stm32f10x_xl.o ABSOLUTE
    __Vectors                                0x08000000   Data           4  startup_stm32f10x_xl.o(RESET)
    __Vectors_End                            0x08000130   Data           0  startup_stm32f10x_xl.o(RESET)
    __main                                   0x08000131   Thumb Code     0  entry.o(.ARM.Collect$$$$00000000)
    _main_stk                                0x08000131   Thumb Code     0  entry2.o(.ARM.Collect$$$$00000001)
    _main_scatterload                        0x08000135   Thumb Code     0  entry5.o(.ARM.Collect$$$$00000004)
    __main_after_scatterload                 0x08000139   Thumb Code     0  entry5.o(.ARM.Collect$$$$00000004)
    _main_clock                              0x08000139   Thumb Code     0  entry7b.o(.ARM.Collect$$$$00000008)
    _main_cpp_init                           0x08000139   Thumb Code     0  entry8b.o(.ARM.Collect$$$$0000000A)
    _main_init                               0x08000139   Thumb Code     0  entry9a.o(.ARM.Collect$$$$0000000B)
    __rt_final_cpp                           0x08000141   Thumb Code     0  entry10a.o(.ARM.Collect$$$$0000000D)
    __rt_final_exit                          0x08000141   Thumb Code     0  entry11a.o(.ARM.Collect$$$$0000000F)
    Reset_Handler                            0x08000145   Thumb Code     8  startup_stm32f10x_xl.o(.text)
    NMI_Handler                              0x0800014d   Thumb Code     2  startup_stm32f10x_xl.o(.text)
    HardFault_Handler                        0x0800014f   Thumb Code     2  startup_stm32f10x_xl.o(.text)
    MemManage_Handler                        0x08000151   Thumb Code     2  startup_stm32f10x_xl.o(.text)
    BusFault_Handler                         0x08000153   Thumb Code     2  startup_stm32f10x_xl.o(.text)
    UsageFault_Handler                       0x08000155   Thumb Code     2  startup_stm32f10x_xl.o(.text)
    SVC_Handler                              0x08000157   Thumb Code     2  startup_stm32f10x_xl.o(.text)
    DebugMon_Handler                         0x08000159   Thumb Code     2  startup_stm32f10x_xl.o(.text)
    PendSV_Handler                           0x0800015b   Thumb Code     2  startup_stm32f10x_xl.o(.text)
    SysTick_Handler                          0x0800015d   Thumb Code     2  startup_stm32f10x_xl.o(.text)
    ADC1_2_IRQHandler                        0x0800015f   Thumb Code     0  startup_stm32f10x_xl.o(.text)
    ADC3_IRQHandler                          0x0800015f   Thumb Code     0  startup_stm32f10x_xl.o(.text)
    CAN1_RX1_IRQHandler                      0x0800015f   Thumb Code     0  startup_stm32f10x_xl.o(.text)
    CAN1_SCE_IRQHandler                      0x0800015f   Thumb Code     0  startup_stm32f10x_xl.o(.text)
    DMA1_Channel1_IRQHandler                 0x0800015f   Thumb Code     0  startup_stm32f10x_xl.o(.text)
    DMA1_Channel2_IRQHandler                 0x0800015f   Thumb Code     0  startup_stm32f10x_xl.o(.text)
    DMA1_Channel3_IRQHandler                 0x0800015f   Thumb Code     0  startup_stm32f10x_xl.o(.text)
    DMA1_Channel4_IRQHandler                 0x0800015f   Thumb Code     0  startup_stm32f10x_xl.o(.text)
    DMA1_Channel5_IRQHandler                 0x0800015f   Thumb Code     0  startup_stm32f10x_xl.o(.text)
    DMA1_Channel6_IRQHandler                 0x0800015f   Thumb Code     0  startup_stm32f10x_xl.o(.text)
    DMA1_Channel7_IRQHandler                 0x0800015f   Thumb Code     0  startup_stm32f10x_xl.o(.text)
    DMA2_Channel1_IRQHandler                 0x0800015f   Thumb Code     0  startup_stm32f10x_xl.o(.text)
    DMA2_Channel2_IRQHandler                 0x0800015f   Thumb Code     0  startup_stm32f10x_xl.o(.text)
    DMA2_Channel3_IRQHandler                 0x0800015f   Thumb Code     0  startup_stm32f10x_xl.o(.text)
    DMA2_Channel4_5_IRQHandler               0x0800015f   Thumb Code     0  startup_stm32f10x_xl.o(.text)
    EXTI0_IRQHandler                         0x0800015f   Thumb Code     0  startup_stm32f10x_xl.o(.text)
    EXTI1_IRQHandler                         0x0800015f   Thumb Code     0  startup_stm32f10x_xl.o(.text)
    EXTI2_IRQHandler                         0x0800015f   Thumb Code     0  startup_stm32f10x_xl.o(.text)
    EXTI4_IRQHandler                         0x0800015f   Thumb Code     0  startup_stm32f10x_xl.o(.text)
    FLASH_IRQHandler                         0x0800015f   Thumb Code     0  startup_stm32f10x_xl.o(.text)
    FSMC_IRQHandler                          0x0800015f   Thumb Code     0  startup_stm32f10x_xl.o(.text)
    I2C1_ER_IRQHandler                       0x0800015f   Thumb Code     0  startup_stm32f10x_xl.o(.text)
    I2C1_EV_IRQHandler                       0x0800015f   Thumb Code     0  startup_stm32f10x_xl.o(.text)
    I2C2_ER_IRQHandler                       0x0800015f   Thumb Code     0  startup_stm32f10x_xl.o(.text)
    I2C2_EV_IRQHandler                       0x0800015f   Thumb Code     0  startup_stm32f10x_xl.o(.text)
    PVD_IRQHandler                           0x0800015f   Thumb Code     0  startup_stm32f10x_xl.o(.text)
    RCC_IRQHandler                           0x0800015f   Thumb Code     0  startup_stm32f10x_xl.o(.text)
    RTCAlarm_IRQHandler                      0x0800015f   Thumb Code     0  startup_stm32f10x_xl.o(.text)
    RTC_IRQHandler                           0x0800015f   Thumb Code     0  startup_stm32f10x_xl.o(.text)
    SDIO_IRQHandler                          0x0800015f   Thumb Code     0  startup_stm32f10x_xl.o(.text)
    SPI1_IRQHandler                          0x0800015f   Thumb Code     0  startup_stm32f10x_xl.o(.text)
    SPI2_IRQHandler                          0x0800015f   Thumb Code     0  startup_stm32f10x_xl.o(.text)
    SPI3_IRQHandler                          0x0800015f   Thumb Code     0  startup_stm32f10x_xl.o(.text)
    TAMPER_IRQHandler                        0x0800015f   Thumb Code     0  startup_stm32f10x_xl.o(.text)
    TIM1_BRK_TIM9_IRQHandler                 0x0800015f   Thumb Code     0  startup_stm32f10x_xl.o(.text)
    TIM1_CC_IRQHandler                       0x0800015f   Thumb Code     0  startup_stm32f10x_xl.o(.text)
    TIM1_TRG_COM_TIM11_IRQHandler            0x0800015f   Thumb Code     0  startup_stm32f10x_xl.o(.text)
    TIM3_IRQHandler                          0x0800015f   Thumb Code     0  startup_stm32f10x_xl.o(.text)
    TIM4_IRQHandler                          0x0800015f   Thumb Code     0  startup_stm32f10x_xl.o(.text)
    TIM5_IRQHandler                          0x0800015f   Thumb Code     0  startup_stm32f10x_xl.o(.text)
    TIM6_IRQHandler                          0x0800015f   Thumb Code     0  startup_stm32f10x_xl.o(.text)
    TIM7_IRQHandler                          0x0800015f   Thumb Code     0  startup_stm32f10x_xl.o(.text)
    TIM8_BRK_TIM12_IRQHandler                0x0800015f   Thumb Code     0  startup_stm32f10x_xl.o(.text)
    TIM8_CC_IRQHandler                       0x0800015f   Thumb Code     0  startup_stm32f10x_xl.o(.text)
    TIM8_TRG_COM_TIM14_IRQHandler            0x0800015f   Thumb Code     0  startup_stm32f10x_xl.o(.text)
    TIM8_UP_TIM13_IRQHandler                 0x0800015f   Thumb Code     0  startup_stm32f10x_xl.o(.text)
    UART4_IRQHandler                         0x0800015f   Thumb Code     0  startup_stm32f10x_xl.o(.text)
    UART5_IRQHandler                         0x0800015f   Thumb Code     0  startup_stm32f10x_xl.o(.text)
    USART1_IRQHandler                        0x0800015f   Thumb Code     0  startup_stm32f10x_xl.o(.text)
    USART2_IRQHandler                        0x0800015f   Thumb Code     0  startup_stm32f10x_xl.o(.text)
    USART3_IRQHandler                        0x0800015f   Thumb Code     0  startup_stm32f10x_xl.o(.text)
    USBWakeUp_IRQHandler                     0x0800015f   Thumb Code     0  startup_stm32f10x_xl.o(.text)
    USB_HP_CAN1_TX_IRQHandler                0x0800015f   Thumb Code     0  startup_stm32f10x_xl.o(.text)
    USB_LP_CAN1_RX0_IRQHandler               0x0800015f   Thumb Code     0  startup_stm32f10x_xl.o(.text)
    WWDG_IRQHandler                          0x0800015f   Thumb Code     0  startup_stm32f10x_xl.o(.text)
    rand                                     0x08000169   Thumb Code    20  rand.o(.text)
    srand                                    0x0800017d   Thumb Code     6  rand.o(.text)
    __scatterload                            0x0800018d   Thumb Code    28  init.o(.text)
    __scatterload_rt2                        0x0800018d   Thumb Code     0  init.o(.text)
    EXTI15_10_IRQHandler                     0x080001b1   Thumb Code   290  bouton.o(i.EXTI15_10_IRQHandler)
    EXTI3_IRQHandler                         0x080002e9   Thumb Code    98  bouton.o(i.EXTI3_IRQHandler)
    EXTI9_5_IRQHandler                       0x08000359   Thumb Code    24  gpio.o(i.EXTI9_5_IRQHandler)
    GLCD_ClearScreen                         0x08000375   Thumb Code    54  glcd_mcbstm32e.o(i.GLCD_ClearScreen)
    GLCD_DrawBargraph                        0x080003b1   Thumb Code   102  glcd_mcbstm32e.o(i.GLCD_DrawBargraph)
    GLCD_DrawBitmap                          0x08000421   Thumb Code    84  glcd_mcbstm32e.o(i.GLCD_DrawBitmap)
    GLCD_DrawChar                            0x08000475   Thumb Code   194  glcd_mcbstm32e.o(i.GLCD_DrawChar)
    GLCD_DrawString                          0x08000545   Thumb Code    38  glcd_mcbstm32e.o(i.GLCD_DrawString)
    GLCD_Initialize                          0x08000571   Thumb Code  1582  glcd_mcbstm32e.o(i.GLCD_Initialize)
    GLCD_SetBackgroundColor                  0x08000ba5   Thumb Code    10  glcd_mcbstm32e.o(i.GLCD_SetBackgroundColor)
    GLCD_SetFont                             0x08000bb5   Thumb Code    10  glcd_mcbstm32e.o(i.GLCD_SetFont)
    GLCD_SetForegroundColor                  0x08000bc5   Thumb Code    10  glcd_mcbstm32e.o(i.GLCD_SetForegroundColor)
    SystemInit                               0x08000d69   Thumb Code    78  system_stm32f10x.o(i.SystemInit)
    TIM1_UP_TIM10_IRQHandler                 0x08000dc9   Thumb Code   340  timers.o(i.TIM1_UP_TIM10_IRQHandler)
    TIM2_IRQHandler                          0x08000f31   Thumb Code    72  timers.o(i.TIM2_IRQHandler)
    __scatterload_copy                       0x08000f7d   Thumb Code    14  handlers.o(i.__scatterload_copy)
    __scatterload_null                       0x08000f8b   Thumb Code     2  handlers.o(i.__scatterload_null)
    __scatterload_zeroinit                   0x08000f8d   Thumb Code    14  handlers.o(i.__scatterload_zeroinit)
    cfgIO                                    0x08000f9d   Thumb Code   190  bouton.o(i.cfgIO)
    cfgTimer1                                0x08001079   Thumb Code    68  timers.o(i.cfgTimer1)
    cfgTimer2                                0x080010c9   Thumb Code    42  timers.o(i.cfgTimer2)
    clearScreenGLCD                          0x080010fd   Thumb Code    14  glcd.o(i.clearScreenGLCD)
    collision                                0x0800110b   Thumb Code    70  game.o(i.collision)
    collisionEnemy                           0x08001151   Thumb Code    40  game.o(i.collisionEnemy)
    directionEnemy                           0x080011ad   Thumb Code   100  game.o(i.directionEnemy)
    displayLogo                              0x08001225   Thumb Code   100  menu.o(i.displayLogo)
    displayMenu                              0x080012b5   Thumb Code    94  menu.o(i.displayMenu)
    displayPacmanScore                       0x08001325   Thumb Code    40  game.o(i.displayPacmanScore)
    drawBoard                                0x08001351   Thumb Code    66  game.o(i.drawBoard)
    gameLoop                                 0x080013a5   Thumb Code   448  game.o(i.gameLoop)
    initGLCD                                 0x08001591   Thumb Code    12  glcd.o(i.initGLCD)
    initGPIO                                 0x0800159d   Thumb Code   134  gpio.o(i.initGPIO)
    initTIMERS                               0x08001631   Thumb Code    16  timers.o(i.initTIMERS)
    joytickDownPressed                       0x08001641   Thumb Code    12  gpio.o(i.joytickDownPressed)
    joytickSelectPressed                     0x08001651   Thumb Code    12  gpio.o(i.joytickSelectPressed)
    joytickUpPressed                         0x08001661   Thumb Code    12  gpio.o(i.joytickUpPressed)
    main                                     0x08001671   Thumb Code    32  main.o(i.main)
    moveAllEnemy                             0x08001691   Thumb Code    28  game.o(i.moveAllEnemy)
    moveEnemy                                0x080016b5   Thumb Code   278  game.o(i.moveEnemy)
    newEnemy                                 0x080017d5   Thumb Code   270  game.o(i.newEnemy)
    newFood                                  0x080018f1   Thumb Code    80  game.o(i.newFood)
    refreshMenu                              0x08001951   Thumb Code    76  menu.o(i.refreshMenu)
    startLevel                               0x080019a1   Thumb Code    16  game.o(i.startLevel)
    update                                   0x080019b1   Thumb Code   204  game.o(i.update)
    bmpPacManClose                           0x08001aa8   Data         128  imagesbmp.o(.constdata)
    bmpPacManOpenRight                       0x08001b28   Data         128  imagesbmp.o(.constdata)
    bmpPacManOpenLeft                        0x08001ba8   Data         128  imagesbmp.o(.constdata)
    bmpPacManOpenDown                        0x08001c28   Data         128  imagesbmp.o(.constdata)
    bmpPacManOpenUp                          0x08001ca8   Data         128  imagesbmp.o(.constdata)
    bmpEnnemiClose                           0x08001d28   Data         128  imagesbmp.o(.constdata)
    bmpEnnemiOpenRight                       0x08001da8   Data         128  imagesbmp.o(.constdata)
    bmpEnnemiOpenLeft                        0x08001e28   Data         128  imagesbmp.o(.constdata)
    bmpEnnemiOpenDown                        0x08001ea8   Data         128  imagesbmp.o(.constdata)
    bmpEnnemiOpenUp                          0x08001f28   Data         128  imagesbmp.o(.constdata)
    bmpFood                                  0x08001fa8   Data          32  imagesbmp.o(.constdata)
    GLCD_Font_6x8                            0x08003848   Data          16  glcd_fonts.o(.constdata)
    GLCD_Font_16x24                          0x08003858   Data          16  glcd_fonts.o(.constdata)
    Region$$Table$$Base                      0x08003868   Number         0  anon$$obj.o(Region$$Table)
    Region$$Table$$Limit                     0x08003888   Number         0  anon$$obj.o(Region$$Table)
    nbEnemy                                  0x20000000   Data           4  game.o(.data)
    SystemCoreClock                          0x20000014   Data           4  system_stm32f10x.o(.data)
    AHBPrescTable                            0x20000018   Data          16  system_stm32f10x.o(.data)
    Pacman                                   0x2000002c   Data          64  game.o(.bss)
    Food                                     0x2000006c   Data          64  game.o(.bss)
    Enemy                                    0x200000ac   Data         192  game.o(.bss)
    __initial_sp                             0x20000570   Data           0  startup_stm32f10x_xl.o(STACK)



==============================================================================

Memory Map of the image

  Image Entry point : 0x08000145

  Load Region LR_1 (Base: 0x08000000, Size: 0x000038b4, Max: 0xffffffff, ABSOLUTE)

    Execution Region ER_RO (Exec base: 0x08000000, Load base: 0x08000000, Size: 0x00003888, Max: 0xffffffff, ABSOLUTE)

    Exec Addr    Load Addr    Size         Type   Attr      Idx    E Section Name        Object

    0x08000000   0x08000000   0x00000130   Data   RO         1065    RESET               startup_stm32f10x_xl.o
    0x08000130   0x08000130   0x00000000   Code   RO         1116  * .ARM.Collect$$$$00000000  mc_w.l(entry.o)
    0x08000130   0x08000130   0x00000004   Code   RO         1122    .ARM.Collect$$$$00000001  mc_w.l(entry2.o)
    0x08000134   0x08000134   0x00000004   Code   RO         1125    .ARM.Collect$$$$00000004  mc_w.l(entry5.o)
    0x08000138   0x08000138   0x00000000   Code   RO         1127    .ARM.Collect$$$$00000008  mc_w.l(entry7b.o)
    0x08000138   0x08000138   0x00000000   Code   RO         1129    .ARM.Collect$$$$0000000A  mc_w.l(entry8b.o)
    0x08000138   0x08000138   0x00000008   Code   RO         1130    .ARM.Collect$$$$0000000B  mc_w.l(entry9a.o)
    0x08000140   0x08000140   0x00000000   Code   RO         1132    .ARM.Collect$$$$0000000D  mc_w.l(entry10a.o)
    0x08000140   0x08000140   0x00000000   Code   RO         1134    .ARM.Collect$$$$0000000F  mc_w.l(entry11a.o)
    0x08000140   0x08000140   0x00000004   Code   RO         1123    .ARM.Collect$$$$00002712  mc_w.l(entry2.o)
    0x08000144   0x08000144   0x00000024   Code   RO         1066  * .text               startup_stm32f10x_xl.o
    0x08000168   0x08000168   0x00000024   Code   RO         1119    .text               mc_w.l(rand.o)
    0x0800018c   0x0800018c   0x00000024   Code   RO         1136    .text               mc_w.l(init.o)
    0x080001b0   0x080001b0   0x00000138   Code   RO          453    i.EXTI15_10_IRQHandler  bouton.o
    0x080002e8   0x080002e8   0x00000070   Code   RO          454    i.EXTI3_IRQHandler  bouton.o
    0x08000358   0x08000358   0x0000001c   Code   RO          324    i.EXTI9_5_IRQHandler  gpio.o
    0x08000374   0x08000374   0x0000003c   Code   RO          501    i.GLCD_ClearScreen  glcd_mcbstm32e.o
    0x080003b0   0x080003b0   0x00000070   Code   RO          502    i.GLCD_DrawBargraph  glcd_mcbstm32e.o
    0x08000420   0x08000420   0x00000054   Code   RO          503    i.GLCD_DrawBitmap   glcd_mcbstm32e.o
    0x08000474   0x08000474   0x000000d0   Code   RO          504    i.GLCD_DrawChar     glcd_mcbstm32e.o
    0x08000544   0x08000544   0x0000002c   Code   RO          508    i.GLCD_DrawString   glcd_mcbstm32e.o
    0x08000570   0x08000570   0x00000634   Code   RO          512    i.GLCD_Initialize   glcd_mcbstm32e.o
    0x08000ba4   0x08000ba4   0x00000010   Code   RO          514    i.GLCD_SetBackgroundColor  glcd_mcbstm32e.o
    0x08000bb4   0x08000bb4   0x00000010   Code   RO          515    i.GLCD_SetFont      glcd_mcbstm32e.o
    0x08000bc4   0x08000bc4   0x00000010   Code   RO          516    i.GLCD_SetForegroundColor  glcd_mcbstm32e.o
    0x08000bd4   0x08000bd4   0x000000ac   Code   RO          517    i.GLCD_SetWindow    glcd_mcbstm32e.o
    0x08000c80   0x08000c80   0x00000008   Code   RO         1073    i.SetSysClock       system_stm32f10x.o
    0x08000c88   0x08000c88   0x000000e0   Code   RO         1074    i.SetSysClockTo72   system_stm32f10x.o
    0x08000d68   0x08000d68   0x00000060   Code   RO         1076    i.SystemInit        system_stm32f10x.o
    0x08000dc8   0x08000dc8   0x00000168   Code   RO          405    i.TIM1_UP_TIM10_IRQHandler  timers.o
    0x08000f30   0x08000f30   0x0000004c   Code   RO          406    i.TIM2_IRQHandler   timers.o
    0x08000f7c   0x08000f7c   0x0000000e   Code   RO         1140    i.__scatterload_copy  mc_w.l(handlers.o)
    0x08000f8a   0x08000f8a   0x00000002   Code   RO         1141    i.__scatterload_null  mc_w.l(handlers.o)
    0x08000f8c   0x08000f8c   0x0000000e   Code   RO         1142    i.__scatterload_zeroinit  mc_w.l(handlers.o)
    0x08000f9a   0x08000f9a   0x00000002   PAD
    0x08000f9c   0x08000f9c   0x000000dc   Code   RO          455    i.cfgIO             bouton.o
    0x08001078   0x08001078   0x00000050   Code   RO          407    i.cfgTimer1         timers.o
    0x080010c8   0x080010c8   0x00000034   Code   RO          408    i.cfgTimer2         timers.o
    0x080010fc   0x080010fc   0x0000000e   Code   RO           93    i.clearScreenGLCD   glcd.o
    0x0800110a   0x0800110a   0x00000046   Code   RO          144    i.collision         game.o
    0x08001150   0x08001150   0x00000030   Code   RO          145    i.collisionEnemy    game.o
    0x08001180   0x08001180   0x0000002c   Code   RO          520    i.delay_ms          glcd_mcbstm32e.o
    0x080011ac   0x080011ac   0x00000078   Code   RO          146    i.directionEnemy    game.o
    0x08001224   0x08001224   0x00000090   Code   RO          279    i.displayLogo       menu.o
    0x080012b4   0x080012b4   0x00000070   Code   RO          280    i.displayMenu       menu.o
    0x08001324   0x08001324   0x0000002c   Code   RO          147    i.displayPacmanScore  game.o
    0x08001350   0x08001350   0x00000054   Code   RO          148    i.drawBoard         game.o
    0x080013a4   0x080013a4   0x000001ec   Code   RO          149    i.gameLoop          game.o
    0x08001590   0x08001590   0x0000000c   Code   RO           95    i.initGLCD          glcd.o
    0x0800159c   0x0800159c   0x00000094   Code   RO          325    i.initGPIO          gpio.o
    0x08001630   0x08001630   0x00000010   Code   RO          409    i.initTIMERS        timers.o
    0x08001640   0x08001640   0x00000010   Code   RO          326    i.joytickDownPressed  gpio.o
    0x08001650   0x08001650   0x00000010   Code   RO          329    i.joytickSelectPressed  gpio.o
    0x08001660   0x08001660   0x00000010   Code   RO          330    i.joytickUpPressed  gpio.o
    0x08001670   0x08001670   0x00000020   Code   RO            4    i.main              main.o
    0x08001690   0x08001690   0x00000024   Code   RO          150    i.moveAllEnemy      game.o
    0x080016b4   0x080016b4   0x00000120   Code   RO          151    i.moveEnemy         game.o
    0x080017d4   0x080017d4   0x0000011c   Code   RO          152    i.newEnemy          game.o
    0x080018f0   0x080018f0   0x00000058   Code   RO          153    i.newFood           game.o
    0x08001948   0x08001948   0x00000008   Code   RO          521    i.rd_dat            glcd_mcbstm32e.o
    0x08001950   0x08001950   0x00000050   Code   RO          281    i.refreshMenu       menu.o
    0x080019a0   0x080019a0   0x00000010   Code   RO          154    i.startLevel        game.o
    0x080019b0   0x080019b0   0x000000cc   Code   RO          155    i.update            game.o
    0x08001a7c   0x08001a7c   0x00000008   Code   RO          522    i.wr_cmd            glcd_mcbstm32e.o
    0x08001a84   0x08001a84   0x00000008   Code   RO          523    i.wr_dat            glcd_mcbstm32e.o
    0x08001a8c   0x08001a8c   0x00000008   Code   RO          524    i.wr_dat_only       glcd_mcbstm32e.o
    0x08001a94   0x08001a94   0x00000014   Code   RO          525    i.wr_reg            glcd_mcbstm32e.o
    0x08001aa8   0x08001aa8   0x00000520   Data   RO          264    .constdata          imagesbmp.o
    0x08001fc8   0x08001fc8   0x000018a0   Data   RO          486    .constdata          glcd_fonts.o
    0x08003868   0x08003868   0x00000020   Data   RO         1138    Region$$Table       anon$$obj.o


    Execution Region ER_RW (Exec base: 0x20000000, Load base: 0x08003888, Size: 0x0000002c, Max: 0xffffffff, ABSOLUTE)

    Exec Addr    Load Addr    Size         Type   Attr      Idx    E Section Name        Object

    0x20000000   0x08003888   0x00000004   Data   RW          157    .data               game.o
    0x20000004   0x0800388c   0x00000001   Data   RW          282    .data               menu.o
    0x20000005   0x0800388d   0x00000003   PAD
    0x20000008   0x08003890   0x00000009   Data   RW          526    .data               glcd_mcbstm32e.o
    0x20000011   0x08003899   0x00000003   PAD
    0x20000014   0x0800389c   0x00000014   Data   RW         1077    .data               system_stm32f10x.o
    0x20000028   0x080038b0   0x00000004   Data   RW         1120    .data               mc_w.l(rand.o)


    Execution Region ER_ZI (Exec base: 0x2000002c, Load base: 0x080038b4, Size: 0x00000544, Max: 0xffffffff, ABSOLUTE)

    Exec Addr    Load Addr    Size         Type   Attr      Idx    E Section Name        Object

    0x2000002c        -       0x00000140   Zero   RW          156    .bss                game.o
    0x2000016c   0x080038b4   0x00000004   PAD
    0x20000170        -       0x00000400   Zero   RW         1063    STACK               startup_stm32f10x_xl.o


==============================================================================

Image component sizes


      Code (inc. data)   RO Data    RW Data    ZI Data      Debug   Object Name

       644         66          0          0          0       1538   bouton.o
      1774        134          0          4        320       8884   game.o
        26          0          0          0          0        865   glcd.o
         0          0       6304          0          0       1028   glcd_fonts.o
      2412        114          0          9          0      10832   glcd_mcbstm32e.o
       224         30          0          0          0       2251   gpio.o
         0          0       1312          0          0       1154   imagesbmp.o
        32          0          0          0          0       4991   main.o
       336         66          0          1          0       1550   menu.o
        36          8        304          0       1024        800   startup_stm32f10x_xl.o
       328         28          0         20          0       2265   system_stm32f10x.o
       584         46          0          0          0       2422   timers.o

    ----------------------------------------------------------------------
      6396        492       7952         40       1348      38580   Object Totals
         0          0         32          0          0          0   (incl. Generated)
         0          0          0          6          4          0   (incl. Padding)

    ----------------------------------------------------------------------

      Code (inc. data)   RO Data    RW Data    ZI Data      Debug   Library Member Name

         0          0          0          0          0          0   entry.o
         0          0          0          0          0          0   entry10a.o
         0          0          0          0          0          0   entry11a.o
         8          4          0          0          0          0   entry2.o
         4          0          0          0          0          0   entry5.o
         0          0          0          0          0          0   entry7b.o
         0          0          0          0          0          0   entry8b.o
         8          4          0          0          0          0   entry9a.o
        30          0          0          0          0          0   handlers.o
        36          8          0          0          0         68   init.o
        36         10          0          4          0        136   rand.o

    ----------------------------------------------------------------------
       124         26          0          4          0        204   Library Totals
         2          0          0          0          0          0   (incl. Padding)

    ----------------------------------------------------------------------

      Code (inc. data)   RO Data    RW Data    ZI Data      Debug   Library Name

       122         26          0          4          0        204   mc_w.l

    ----------------------------------------------------------------------
       124         26          0          4          0        204   Library Totals

    ----------------------------------------------------------------------

==============================================================================


      Code (inc. data)   RO Data    RW Data    ZI Data      Debug   

      6520        518       7952         44       1348      36492   Grand Totals
      6520        518       7952         44       1348      36492   ELF Image Totals
      6520        518       7952         44          0          0   ROM Totals

==============================================================================

    Total RO  Size (Code + RO Data)                14472 (  14.13kB)
    Total RW  Size (RW Data + ZI Data)              1392 (   1.36kB)
    Total ROM Size (Code + RO Data + RW Data)      14516 (  14.18kB)

==============================================================================

